c:\git\quake2-full\release\cvar.obj
c:\git\quake2-full\release\crc.obj
c:\git\quake2-full\release\console.obj
c:\git\quake2-full\release\conproc.obj
c:\git\quake2-full\release\common.obj
c:\git\quake2-full\release\cmodel.obj
c:\git\quake2-full\release\cmd.obj
c:\git\quake2-full\release\cl_view.obj
c:\git\quake2-full\release\cl_tent.obj
c:\git\quake2-full\release\cl_scrn.obj
c:\git\quake2-full\release\cl_pred.obj
c:\git\quake2-full\release\cl_parse.obj
c:\git\quake2-full\release\cl_newfx.obj
c:\git\quake2-full\release\cl_main.obj
c:\git\quake2-full\release\cl_inv.obj
c:\git\quake2-full\release\cl_input.obj
c:\git\quake2-full\release\cl_fx.obj
c:\git\quake2-full\release\cl_ents.obj
c:\git\quake2-full\release\cl_cin.obj
c:\git\quake2-full\release\cd_win.obj
c:\git\quake2-full\release\sv_init.obj
c:\git\quake2-full\release\sv_game.obj
c:\git\quake2-full\release\sv_ents.obj
c:\git\quake2-full\release\sv_ccmds.obj
c:\git\quake2-full\release\snd_win.obj
c:\git\quake2-full\release\snd_mix.obj
c:\git\quake2-full\release\snd_mem.obj
c:\git\quake2-full\release\snd_dma.obj
c:\git\quake2-full\release\qmenu.obj
c:\git\quake2-full\release\q_shwin.obj
c:\git\quake2-full\release\q_shared.obj
c:\git\quake2-full\release\pmove.obj
c:\git\quake2-full\release\net_wins.obj
c:\git\quake2-full\release\net_chan.obj
c:\git\quake2-full\release\menu.obj
c:\git\quake2-full\release\md4.obj
c:\git\quake2-full\release\m_flash.obj
c:\git\quake2-full\release\keys.obj
c:\git\quake2-full\release\in_win.obj
c:\git\quake2-full\release\files.obj
c:\git\quake2-full\release\x86.obj
c:\git\quake2-full\release\vid_menu.obj
c:\git\quake2-full\release\vid_dll.obj
c:\git\quake2-full\release\sys_win.obj
c:\git\quake2-full\release\sv_world.obj
c:\git\quake2-full\release\sv_user.obj
c:\git\quake2-full\release\sv_send.obj
c:\git\quake2-full\release\sv_main.obj
c:\git\quake2-full\release\quake2.exe
c:\git\quake2-full\release\q2.res
c:\git\quake2-full\release\r_aclipa.obj
c:\git\quake2-full\release\r_draw16.obj
c:\git\quake2-full\release\r_drawa.obj
c:\git\quake2-full\release\r_edgea.obj
c:\git\quake2-full\release\r_polysa.obj
c:\git\quake2-full\release\r_scana.obj
c:\git\quake2-full\release\r_spr8.obj
c:\git\quake2-full\release\r_surf8.obj
c:\git\quake2-full\release\r_varsa.obj
c:\git\quake2-full\release\gamex86.exp
c:\git\quake2-full\release\ref_gl.exp
c:\program files (x86)\steam\steamapps\common\quake 2\quake2.exe
c:\git\quake2-full\release\quake2.tlog\cl.command.1.tlog
c:\git\quake2-full\release\quake2.tlog\cl.items.tlog
c:\git\quake2-full\release\quake2.tlog\cl.read.1.tlog
c:\git\quake2-full\release\quake2.tlog\cl.write.1.tlog
c:\git\quake2-full\release\quake2.tlog\link.command.1.tlog
c:\git\quake2-full\release\quake2.tlog\link.read.1.tlog
c:\git\quake2-full\release\quake2.tlog\link.secondary.1.tlog
c:\git\quake2-full\release\quake2.tlog\link.write.1.tlog
c:\git\quake2-full\release\quake2.tlog\rc.command.1.tlog
c:\git\quake2-full\release\quake2.tlog\rc.read.1.tlog
c:\git\quake2-full\release\quake2.tlog\rc.write.1.tlog
